// Jest Snapshot v1, https://goo.gl/fbAQLP

exports[`Given the Landing component when the component is rendered should match the snapshot 1`] = `
<DocumentFragment>
  <div
    class="sc-eCApnc fLcWfp"
  >
    <header
      class="sc-jSFjdj hxpqMV"
    >
      <div
        class="sc-gKAaRy ZgfvY"
      >
        <img
          alt="logo"
          class="sc-iCoGMd cLAZvB"
          src="onomy.png"
        />
        <span
          class="sc-fujyAs emMVMf"
        >
          ONOMY
        </span>
      </div>
      <div
        class="sc-pNWdM jFbpJL"
      >
        <span
          class="sc-jrsJWt gemQzB"
        >
          Connect Your Wallet
        </span>
        <span
          class="sc-kEqXSa kPIfJj"
        >
          To participate bonding curve process and buy NOM tokens you need to connect your Eth wallet
        </span>
        <button
          class="sc-gtsrHT sc-iqAclL cyZncv VYyzG"
        >
          <div
            class="sc-crzoAE bQuOpk"
          >
            <img
              alt="Metamask Icon"
              class="sc-dIsUp hgyPCw"
              src="metamask.png"
            />
          </div>
          <span
            class="sc-bqGGPW kJEmxb"
          >
            Metamask
          </span>
          <img
            alt="Right Cursor"
            class="sc-ksluID ieDcGB"
            src="rightCursor.png"
          />
        </button>
        <button
          class="sc-gtsrHT sc-iqAclL cyZncv VYyzG"
        >
          <div
            class="sc-crzoAE bQuOpk"
          >
            <img
              alt="Ledger Icon"
              class="sc-dIsUp hgyPCw"
              src="ledger.png"
            />
          </div>
          <span
            class="sc-bqGGPW kJEmxb"
          >
            Ledger
          </span>
          <img
            alt="Right Cursor"
            class="sc-ksluID ieDcGB"
            src="rightCursor.png"
          />
        </button>
        <button
          class="sc-gtsrHT sc-iqAclL cyZncv VYyzG"
        >
          <div
            class="sc-crzoAE bQuOpk"
          >
            <img
              alt="Wallet Connect Icon"
              class="sc-dIsUp hgyPCw"
              src="walletConnect.png"
            />
          </div>
          <span
            class="sc-bqGGPW kJEmxb"
          >
            Wallet Connect
          </span>
          <img
            alt="Right Cursor"
            class="sc-ksluID ieDcGB"
            src="rightCursor.png"
          />
        </button>
        <button
          class="sc-gtsrHT sc-iqAclL cyZncv VYyzG"
        >
          <div
            class="sc-crzoAE bQuOpk"
          >
            <img
              alt="Coinbase Wallet Icon"
              class="sc-dIsUp hgyPCw"
              src="coinbase.png"
            />
          </div>
          <span
            class="sc-bqGGPW kJEmxb"
          >
            Coinbase Wallet
          </span>
          <img
            alt="Right Cursor"
            class="sc-ksluID ieDcGB"
            src="rightCursor.png"
          />
        </button>
      </div>
    </header>
  </div>
</DocumentFragment>
`;
