// Jest Snapshot v1, https://goo.gl/fbAQLP

exports[`Given the SidebarBalances component when the component is rendered should match the snapshot 1`] = `
<DocumentFragment>
  <div
    class="sc-iTVJFM fkQotX"
  >
    <div
      class="sc-efHYUO cEyMzQ"
    >
      <div
        class="sc-cTJkRt"
      >
        <strong>
          ETH Balance
        </strong>
        <div
          class="sc-iBzEeX iHRMjK"
        >
          100
          <small>
             = $16,208.04
          </small>
        </div>
      </div>
      <div
        class="sc-jNnpgg WALnu"
      >
        <div
          class="sc-Arkif eJyhyt"
        >
          <h5
            class="sc-khIgEk kbtHpE"
          >
            ETH Balance
          </h5>
          <p
            class="sc-hTRkXV eTMIgB"
          >
            This is your connected wallet Ether balance.
          </p>
        </div>
        <button
          class="sc-dPaNzc dOQtbG"
        >
          i
        </button>
      </div>
    </div>
    <div
      class="sc-efHYUO cEyMzQ"
    >
      <div
        class="sc-cTJkRt"
      >
        <strong>
          NOM Balance
        </strong>
        <div
          class="sc-iBzEeX gmvRsd"
        >
          50
          <small>
             = $16,208.04
          </small>
          <div
            class="sc-carFqZ kfqhGh"
          >
            <div
              class="sc-jcwpoC dBdgXh"
            />
            <div
              class="sc-bBjRSN duUgtb"
            >
              <span>
                 approved
              </span>
            </div>
          </div>
        </div>
      </div>
      <div
        class="sc-jNnpgg WALnu"
      >
        <div
          class="sc-Arkif eJyhyt"
        >
          <h5
            class="sc-khIgEk kbtHpE"
          >
            wNOM Balance
          </h5>
          <p
            class="sc-hTRkXV eTMIgB"
          >
            This shows your total wNOM balance and the amount approved for selling. You must approve wNOM for selling before it can be sold.
          </p>
        </div>
        <button
          class="sc-dPaNzc dOQtbG"
        >
          i
        </button>
      </div>
    </div>
    <div
      class="sc-cOifOu cCTdZJ"
    >
      <button
        class="sc-hKFxyN fFAwxg"
        style="width: 100%;"
      >
        Withdraw wNOM
      </button>
    </div>
  </div>
</DocumentFragment>
`;
