// Jest Snapshot v1, https://goo.gl/fbAQLP

exports[`Given an Exchange component when the component is rendered should match the snapshot 1`] = `
<DocumentFragment>
  <div
    class="sc-bdnxRM fdCjyu"
  >
    <div
      class="sc-gtsrHT cFutaZ"
    >
      <strong>
        Bid ETH
      </strong>
      <div
        class="sc-dlnjwi ciFpMw"
      >
        <strong>
          I'm bidding
        </strong>
        <input
          class="sc-jSFjdj lkKexS"
          data-testid="exchange-strong-balance-input"
          placeholder="0.00"
          type="text"
          value=""
        />
        ETH
        <button
          class="sc-eCApnc liwdcO"
          data-testid="max-value-button"
        >
          Max
        </button>
      </div>
      <div
        class="sc-hKFxyN jWQojY"
      >
        <strong>
          I'm asking
        </strong>
        <span
          class="sc-gKAaRy dHKXDL"
          data-testid="exchange-weak-balance"
        >
           NOM
        </span>
      </div>
      <button
        class="sc-iCoGMd SknTJ"
      >
        Low ETH Balance
      </button>
    </div>
    <div
      class="sc-gtsrHT cFutaZ"
    >
      <strong>
        Bid NOM
      </strong>
      <div
        class="sc-dlnjwi ciFpMw"
      >
        <strong>
          I'm bidding
        </strong>
        <input
          class="sc-jSFjdj lkKexS"
          data-testid="exchange-strong-balance-input"
          placeholder="0.00"
          type="text"
          value=""
        />
        NOM
        <button
          class="sc-eCApnc liwdcO"
          data-testid="max-value-button"
        >
          Max
        </button>
      </div>
      <div
        class="sc-hKFxyN jWQojY"
      >
        <strong>
          I'm asking
        </strong>
        <span
          class="sc-gKAaRy dHKXDL"
          data-testid="exchange-weak-balance"
        >
           ETH
        </span>
      </div>
      <button
        class="sc-iCoGMd sc-fujyAs SknTJ hBWDAL"
      >
         Input Value 
      </button>
    </div>
  </div>
</DocumentFragment>
`;
